{"level":"info","time":"2026-07-11T16:20:53Z","message":"Thank you for trying Cloudflare Tunnel. Doing so, without a Cloudflare account, is a quick way to experiment and try it out. However, be aware that these account-less Tunnels have no uptime guarantee, are subject to the Cloudflare Online Services Terms of Use (https://www.cloudflare.com/website-terms/), and Cloudflare reserves the right to investigate your use of Tunnels for violations of such terms. If you intend to use Tunnels in production you should use a pre-created named tunnel by following: https://developers.cloudflare.com/cloudflare-one/connections/connect-apps"}
{"level":"info","time":"2026-07-11T16:20:53Z","message":"Requesting new quick Tunnel on trycloudflare.com..."}
{"level":"info","time":"2026-07-11T16:20:59Z","message":"+--------------------------------------------------------------------------------------------+"}
{"level":"info","time":"2026-07-11T16:20:59Z","message":"|  Your quick Tunnel has been created! Visit it at (it may take some time to be reachable):  |"}
{"level":"info","time":"2026-07-11T16:20:59Z","message":"|  https://postposted-laid-guestbook-scored.trycloudflare.com                                |"}
{"level":"info","time":"2026-07-11T16:20:59Z","message":"+--------------------------------------------------------------------------------------------+"}
{"level":"info","time":"2026-07-11T16:20:59Z","message":"Cannot determine default configuration path. No file [config.yml config.yaml] in [~/.cloudflared ~/.cloudflare-warp ~/cloudflare-warp]"}
{"level":"info","time":"2026-07-11T16:20:59Z","message":"Version 2026.7.1 (Checksum ccb0756de288d3c2c076d19764ca53e0849a10f2dd9c23f8656ac42bdeb45001)"}
{"level":"info","time":"2026-07-11T16:20:59Z","message":"GOOS: windows, GOVersion: go1.26.4, GoArch: amd64"}
{"level":"info","time":"2026-07-11T16:20:59Z","message":"Settings: map[ha-connections:1 logfile:logs/cloudflared.log loglevel:info no-autoupdate:true protocol:quic url:http://127.0.0.1:3000]"}
{"level":"info","time":"2026-07-11T16:20:59Z","message":"cloudflared will not automatically update on Windows systems."}
{"level":"info","time":"2026-07-11T16:20:59Z","message":"Generated Connector ID: 3fa96b64-e34a-466f-a458-8acb6359f6d5"}
{"level":"info","time":"2026-07-11T16:20:59Z","message":"Initial protocol quic"}
{"level":"info","time":"2026-07-11T16:20:59Z","message":"ICMP proxy will use 10.167.67.84 as source for IPv4"}
{"level":"info","time":"2026-07-11T16:20:59Z","message":"ICMP proxy will use fe80::fc26:48ac:d72d:5dad in zone Mullvad as source for IPv6"}
{"level":"info","time":"2026-07-11T16:20:59Z","message":"cloudflared does not support loading the system root certificate pool on Windows. Please use --origin-ca-pool <PATH> to specify the path to the certificate pool"}
{"level":"info","time":"2026-07-11T16:20:59Z","message":"ICMP proxy will use 10.167.67.84 as source for IPv4"}
{"level":"info","event":0,"ip":"198.41.200.23","connIndex":0,"time":"2026-07-11T16:20:59Z","message":"Tunnel connection curve preferences: [X25519MLKEM768 CurveID(65074) CurveP256]"}
{"level":"info","time":"2026-07-11T16:20:59Z","message":"ICMP proxy will use fe80::fc26:48ac:d72d:5dad in zone Mullvad as source for IPv6"}
{"level":"info","time":"2026-07-11T16:20:59Z","message":"Starting metrics server on 127.0.0.1:20242/metrics"}
{"level":"info","time":"2026-07-11T16:20:59Z","message":"+-------------------------------------------------------------------------------------+"}
{"level":"info","time":"2026-07-11T16:20:59Z","message":"|                               CONNECTIVITY PRE-CHECKS                               |"}
{"level":"info","time":"2026-07-11T16:20:59Z","message":"+-------------------------------------------------------------------------------------+"}
{"level":"info","time":"2026-07-11T16:20:59Z","message":"|  COMPONENT         TARGET                     STATUS  DETAILS                       |"}
{"level":"info","time":"2026-07-11T16:20:59Z","message":"|  DNS Resolution    region1.v2.argotunnel.com  PASS    DNS Resolved successfully     |"}
{"level":"info","time":"2026-07-11T16:20:59Z","message":"|  DNS Resolution    region2.v2.argotunnel.com  PASS    DNS Resolved successfully     |"}
{"level":"info","time":"2026-07-11T16:20:59Z","message":"|  UDP Connectivity  region1.v2.argotunnel.com  PASS    QUIC connection successful    |"}
{"level":"info","time":"2026-07-11T16:20:59Z","message":"|  UDP Connectivity  region2.v2.argotunnel.com  PASS    QUIC connection successful    |"}
{"level":"info","time":"2026-07-11T16:20:59Z","message":"|  TCP Connectivity  region1.v2.argotunnel.com  PASS    HTTP/2 connection successful  |"}
{"level":"info","time":"2026-07-11T16:20:59Z","message":"|  TCP Connectivity  region2.v2.argotunnel.com  PASS    HTTP/2 connection successful  |"}
{"level":"info","time":"2026-07-11T16:20:59Z","message":"|  Cloudflare API    api.cloudflare.com:443     PASS    API is reachable              |"}
{"level":"info","time":"2026-07-11T16:20:59Z","message":"|                                                                                     |"}
{"level":"info","time":"2026-07-11T16:20:59Z","message":"|  SUMMARY: Environment is healthy. cloudflared will use 'quic' as primary protocol.  |"}
{"level":"info","time":"2026-07-11T16:20:59Z","message":"+-------------------------------------------------------------------------------------+"}
{"level":"info","run_id":"32c6591d-b759-4590-96c7-949fd7f61f79","component":"DNS Resolution","target":"region1.v2.argotunnel.com","status":"pass","details":"DNS Resolved successfully","time":"2026-07-11T16:20:59Z","message":"precheck"}
{"level":"info","run_id":"32c6591d-b759-4590-96c7-949fd7f61f79","component":"DNS Resolution","target":"region2.v2.argotunnel.com","status":"pass","details":"DNS Resolved successfully","time":"2026-07-11T16:20:59Z","message":"precheck"}
{"level":"info","run_id":"32c6591d-b759-4590-96c7-949fd7f61f79","component":"UDP Connectivity","target":"region1.v2.argotunnel.com","status":"pass","details":"QUIC connection successful","time":"2026-07-11T16:20:59Z","message":"precheck"}
{"level":"info","run_id":"32c6591d-b759-4590-96c7-949fd7f61f79","component":"UDP Connectivity","target":"region2.v2.argotunnel.com","status":"pass","details":"QUIC connection successful","time":"2026-07-11T16:20:59Z","message":"precheck"}
{"level":"info","run_id":"32c6591d-b759-4590-96c7-949fd7f61f79","component":"TCP Connectivity","target":"region1.v2.argotunnel.com","status":"pass","details":"HTTP/2 connection successful","time":"2026-07-11T16:20:59Z","message":"precheck"}
{"level":"info","run_id":"32c6591d-b759-4590-96c7-949fd7f61f79","component":"TCP Connectivity","target":"region2.v2.argotunnel.com","status":"pass","details":"HTTP/2 connection successful","time":"2026-07-11T16:20:59Z","message":"precheck"}
{"level":"info","run_id":"32c6591d-b759-4590-96c7-949fd7f61f79","component":"Cloudflare API","target":"api.cloudflare.com:443","status":"pass","details":"API is reachable","time":"2026-07-11T16:20:59Z","message":"precheck"}
{"level":"info","run_id":"32c6591d-b759-4590-96c7-949fd7f61f79","hard_fail":false,"suggested_protocol":"quic","time":"2026-07-11T16:20:59Z","message":"precheck complete"}
{"level":"info","event":0,"connection":"b19a6ede-3c54-470c-a986-5089589edca5","connIndex":0,"location":"cph03","ip":"198.41.200.23","protocol":"quic","time":"2026-07-11T16:20:59Z","message":"Registered tunnel connection"}
